
==========================================================================
global place report_tns
--------------------------------------------------------------------------
tns 0.00

==========================================================================
global place report_wns
--------------------------------------------------------------------------
wns 0.00

==========================================================================
global place report_worst_slack
--------------------------------------------------------------------------
worst slack 0.63

==========================================================================
global place report_checks -path_delay min
--------------------------------------------------------------------------
Startpoint: s2 (input port clocked by core_clock)
Endpoint: y0 (output port clocked by core_clock)
Path Group: core_clock
Path Type: min

Fanout     Cap    Slew   Delay    Time   Description
-----------------------------------------------------------------------------
                  0.00    0.00    0.00   clock core_clock (rise edge)
                          0.00    0.00   clock network delay (ideal)
                          0.30    0.30 ^ input external delay
     8    0.02    0.00    0.00    0.30 ^ s2 (in)
                                         s2 (net)
                  0.00    0.00    0.30 ^ _0_/A (sky130_fd_sc_hd__nor4b_1)
     1    0.00    0.03    0.03    0.33 v _0_/Y (sky130_fd_sc_hd__nor4b_1)
                                         y0 (net)
                  0.03    0.00    0.33 v y0 (out)
                                  0.33   data arrival time

                  0.00    0.00    0.00   clock core_clock (rise edge)
                          0.00    0.00   clock network delay (ideal)
                          0.00    0.00   clock reconvergence pessimism
                         -0.30   -0.30   output external delay
                                 -0.30   data required time
-----------------------------------------------------------------------------
                                 -0.30   data required time
                                 -0.33   data arrival time
-----------------------------------------------------------------------------
                                  0.63   slack (MET)



==========================================================================
global place report_checks -path_delay max
--------------------------------------------------------------------------
Startpoint: s2 (input port clocked by core_clock)
Endpoint: y0 (output port clocked by core_clock)
Path Group: core_clock
Path Type: max

Fanout     Cap    Slew   Delay    Time   Description
-----------------------------------------------------------------------------
                  0.00    0.00    0.00   clock core_clock (rise edge)
                          0.00    0.00   clock network delay (ideal)
                          0.30    0.30 v input external delay
     8    0.02    0.00    0.00    0.30 v s2 (in)
                                         s2 (net)
                  0.00    0.00    0.30 v _0_/A (sky130_fd_sc_hd__nor4b_1)
     1    0.00    0.25    0.27    0.57 ^ _0_/Y (sky130_fd_sc_hd__nor4b_1)
                                         y0 (net)
                  0.25    0.00    0.57 ^ y0 (out)
                                  0.57   data arrival time

                  0.00    1.50    1.50   clock core_clock (rise edge)
                          0.00    1.50   clock network delay (ideal)
                          0.00    1.50   clock reconvergence pessimism
                         -0.30    1.20   output external delay
                                  1.20   data required time
-----------------------------------------------------------------------------
                                  1.20   data required time
                                 -0.57   data arrival time
-----------------------------------------------------------------------------
                                  0.63   slack (MET)



==========================================================================
global place report_checks -unconstrained
--------------------------------------------------------------------------
Startpoint: s2 (input port clocked by core_clock)
Endpoint: y0 (output port clocked by core_clock)
Path Group: core_clock
Path Type: max

Fanout     Cap    Slew   Delay    Time   Description
-----------------------------------------------------------------------------
                  0.00    0.00    0.00   clock core_clock (rise edge)
                          0.00    0.00   clock network delay (ideal)
                          0.30    0.30 v input external delay
     8    0.02    0.00    0.00    0.30 v s2 (in)
                                         s2 (net)
                  0.00    0.00    0.30 v _0_/A (sky130_fd_sc_hd__nor4b_1)
     1    0.00    0.25    0.27    0.57 ^ _0_/Y (sky130_fd_sc_hd__nor4b_1)
                                         y0 (net)
                  0.25    0.00    0.57 ^ y0 (out)
                                  0.57   data arrival time

                  0.00    1.50    1.50   clock core_clock (rise edge)
                          0.00    1.50   clock network delay (ideal)
                          0.00    1.50   clock reconvergence pessimism
                         -0.30    1.20   output external delay
                                  1.20   data required time
-----------------------------------------------------------------------------
                                  1.20   data required time
                                 -0.57   data arrival time
-----------------------------------------------------------------------------
                                  0.63   slack (MET)



==========================================================================
global place report_power
--------------------------------------------------------------------------
Group                  Internal  Switching    Leakage      Total
                          Power      Power      Power      Power (Watts)
----------------------------------------------------------------
Sequential             0.00e+00   0.00e+00   0.00e+00   0.00e+00   0.0%
Combinational          6.28e-06   7.22e-07   4.22e-11   7.00e-06 100.0%
Clock                  0.00e+00   0.00e+00   0.00e+00   0.00e+00   0.0%
Macro                  0.00e+00   0.00e+00   0.00e+00   0.00e+00   0.0%
Pad                    0.00e+00   0.00e+00   0.00e+00   0.00e+00   0.0%
----------------------------------------------------------------
Total                  6.28e-06   7.22e-07   4.22e-11   7.00e-06 100.0%
                          89.7%      10.3%       0.0%
