
==========================================================================
finish report_tns
--------------------------------------------------------------------------
tns 0.00

==========================================================================
finish report_wns
--------------------------------------------------------------------------
wns 0.00

==========================================================================
finish report_worst_slack
--------------------------------------------------------------------------
worst slack 0.29

==========================================================================
finish report_clock_skew
--------------------------------------------------------------------------
Clock core_clock
No launch/capture paths found.


==========================================================================
finish report_checks -path_delay min
--------------------------------------------------------------------------
Startpoint: s1 (input port clocked by core_clock)
Endpoint: y0 (output port clocked by core_clock)
Path Group: core_clock
Path Type: min

Fanout     Cap    Slew   Delay    Time   Description
-----------------------------------------------------------------------------
                  0.00    0.00    0.00   clock core_clock (rise edge)
                          0.00    0.00   clock network delay (ideal)
                          0.30    0.30 ^ input external delay
     1    0.00    0.00    0.00    0.30 ^ s1 (in)
                                         s1 (net)
                  0.00    0.00    0.30 ^ input3/A (sky130_fd_sc_hd__clkbuf_2)
     8    0.02    0.12    0.15    0.45 ^ input3/X (sky130_fd_sc_hd__clkbuf_2)
                                         net3 (net)
                  0.12    0.00    0.45 ^ _0_/C (sky130_fd_sc_hd__nor4b_1)
     1    0.00    0.04    0.07    0.52 v _0_/Y (sky130_fd_sc_hd__nor4b_1)
                                         net5 (net)
                  0.04    0.00    0.52 v output5/A (sky130_fd_sc_hd__clkbuf_1)
     1    0.00    0.01    0.07    0.59 v output5/X (sky130_fd_sc_hd__clkbuf_1)
                                         y0 (net)
                  0.01    0.00    0.59 v y0 (out)
                                  0.59   data arrival time

                  0.00    0.00    0.00   clock core_clock (rise edge)
                          0.00    0.00   clock network delay (ideal)
                          0.00    0.00   clock reconvergence pessimism
                         -0.30   -0.30   output external delay
                                 -0.30   data required time
-----------------------------------------------------------------------------
                                 -0.30   data required time
                                 -0.59   data arrival time
-----------------------------------------------------------------------------
                                  0.89   slack (MET)



==========================================================================
finish report_checks -path_delay max
--------------------------------------------------------------------------
Startpoint: s2 (input port clocked by core_clock)
Endpoint: y0 (output port clocked by core_clock)
Path Group: core_clock
Path Type: max

Fanout     Cap    Slew   Delay    Time   Description
-----------------------------------------------------------------------------
                  0.00    0.00    0.00   clock core_clock (rise edge)
                          0.00    0.00   clock network delay (ideal)
                          0.30    0.30 v input external delay
     1    0.00    0.00    0.00    0.30 v s2 (in)
                                         s2 (net)
                  0.00    0.00    0.30 v input4/A (sky130_fd_sc_hd__dlymetal6s2s_1)
     8    0.02    0.11    0.18    0.48 v input4/X (sky130_fd_sc_hd__dlymetal6s2s_1)
                                         net4 (net)
                  0.11    0.00    0.48 v _0_/A (sky130_fd_sc_hd__nor4b_1)
     1    0.00    0.27    0.33    0.81 ^ _0_/Y (sky130_fd_sc_hd__nor4b_1)
                                         net5 (net)
                  0.27    0.00    0.81 ^ output5/A (sky130_fd_sc_hd__clkbuf_1)
     1    0.00    0.02    0.10    0.91 ^ output5/X (sky130_fd_sc_hd__clkbuf_1)
                                         y0 (net)
                  0.02    0.00    0.91 ^ y0 (out)
                                  0.91   data arrival time

                  0.00    1.50    1.50   clock core_clock (rise edge)
                          0.00    1.50   clock network delay (ideal)
                          0.00    1.50   clock reconvergence pessimism
                         -0.30    1.20   output external delay
                                  1.20   data required time
-----------------------------------------------------------------------------
                                  1.20   data required time
                                 -0.91   data arrival time
-----------------------------------------------------------------------------
                                  0.29   slack (MET)



==========================================================================
finish report_checks -unconstrained
--------------------------------------------------------------------------
Startpoint: s2 (input port clocked by core_clock)
Endpoint: y0 (output port clocked by core_clock)
Path Group: core_clock
Path Type: max

Fanout     Cap    Slew   Delay    Time   Description
-----------------------------------------------------------------------------
                  0.00    0.00    0.00   clock core_clock (rise edge)
                          0.00    0.00   clock network delay (ideal)
                          0.30    0.30 v input external delay
     1    0.00    0.00    0.00    0.30 v s2 (in)
                                         s2 (net)
                  0.00    0.00    0.30 v input4/A (sky130_fd_sc_hd__dlymetal6s2s_1)
     8    0.02    0.11    0.18    0.48 v input4/X (sky130_fd_sc_hd__dlymetal6s2s_1)
                                         net4 (net)
                  0.11    0.00    0.48 v _0_/A (sky130_fd_sc_hd__nor4b_1)
     1    0.00    0.27    0.33    0.81 ^ _0_/Y (sky130_fd_sc_hd__nor4b_1)
                                         net5 (net)
                  0.27    0.00    0.81 ^ output5/A (sky130_fd_sc_hd__clkbuf_1)
     1    0.00    0.02    0.10    0.91 ^ output5/X (sky130_fd_sc_hd__clkbuf_1)
                                         y0 (net)
                  0.02    0.00    0.91 ^ y0 (out)
                                  0.91   data arrival time

                  0.00    1.50    1.50   clock core_clock (rise edge)
                          0.00    1.50   clock network delay (ideal)
                          0.00    1.50   clock reconvergence pessimism
                         -0.30    1.20   output external delay
                                  1.20   data required time
-----------------------------------------------------------------------------
                                  1.20   data required time
                                 -0.91   data arrival time
-----------------------------------------------------------------------------
                                  0.29   slack (MET)



==========================================================================
finish report_check_types -max_slew -max_cap -max_fanout -violators
--------------------------------------------------------------------------

==========================================================================
finish max_slew_check_slack
--------------------------------------------------------------------------
1.2133557796478271

==========================================================================
finish max_slew_check_limit
--------------------------------------------------------------------------
1.479159951210022

==========================================================================
finish max_slew_check_slack_limit
--------------------------------------------------------------------------
0.8203

==========================================================================
finish max_fanout_check_slack
--------------------------------------------------------------------------
1.0000000150474662e+30

==========================================================================
finish max_fanout_check_limit
--------------------------------------------------------------------------
1.0000000150474662e+30

==========================================================================
finish max_capacitance_check_slack
--------------------------------------------------------------------------
0.030296817421913147

==========================================================================
finish max_capacitance_check_limit
--------------------------------------------------------------------------
0.03388400003314018

==========================================================================
finish max_capacitance_check_slack_limit
--------------------------------------------------------------------------
0.8941

==========================================================================
finish max_slew_violation_count
--------------------------------------------------------------------------
max slew violation count 0

==========================================================================
finish max_fanout_violation_count
--------------------------------------------------------------------------
max fanout violation count 0

==========================================================================
finish max_cap_violation_count
--------------------------------------------------------------------------
max cap violation count 0

==========================================================================
finish setup_violation_count
--------------------------------------------------------------------------
setup violation count 0

==========================================================================
finish hold_violation_count
--------------------------------------------------------------------------
hold violation count 0

==========================================================================
finish critical path delay
--------------------------------------------------------------------------
0.9094

==========================================================================
finish critical path slack
--------------------------------------------------------------------------
0.2906

==========================================================================
finish slack div critical path delay
--------------------------------------------------------------------------
31.955135

==========================================================================
finish report_power
--------------------------------------------------------------------------
Group                  Internal  Switching    Leakage      Total
                          Power      Power      Power      Power (Watts)
----------------------------------------------------------------
Sequential             0.00e+00   0.00e+00   0.00e+00   0.00e+00   0.0%
Combinational          1.51e-05   1.05e-05   9.50e-11   2.56e-05 100.0%
Clock                  0.00e+00   0.00e+00   0.00e+00   0.00e+00   0.0%
Macro                  0.00e+00   0.00e+00   0.00e+00   0.00e+00   0.0%
Pad                    0.00e+00   0.00e+00   0.00e+00   0.00e+00   0.0%
----------------------------------------------------------------
Total                  1.51e-05   1.05e-05   9.50e-11   2.56e-05 100.0%
                          58.9%      41.1%       0.0%
